== 1. SEC 可达性复核 ==
  www.sec.gov: dns=184.28.70.69 curl45=000 5.000808 | curl: (35) OpenSSL SSL_connect: SSL_ERROR_SYSCALL in connection to www.sec.gov:443
  data.sec.gov: dns=96.17.220.175 curl45=000 5.002613 | curl: (35) OpenSSL SSL_connect: SSL_ERROR_SYSCALL in connection to data.sec.gov:443
  efts.sec.gov: dns=96.17.220.175 curl45=000 5.002008 | curl: (35) OpenSSL SSL_connect: SSL_ERROR_SYSCALL in connection to efts.sec.gov:443
  对照 finnhub: 401
  对照 alphavantage: 200
== 2. Arctic Shift 正确参数 ==
  posts(sub=pennystocks,q=WWR): {'status': 422, 'n': None, 'body': '{"data":null,"error":"Timeout. Maybe slow down a bit"}'}
  comments(body=WWR): {'status': 422, 'n': None, 'body': '{"data":null,"error":"Timeout. Maybe slow down a bit"}'}
  comments(q=WWR): {'status': 400, 'n': None, 'body': '{"data":null,"error":"Unknown query parameter: \'q\'"}'}
  comments(selftext=WWR): {'status': 400, 'n': None, 'body': '{"data":null,"error":"Unknown query parameter: \'selftext\'"}'}
  comments(search=WWR): {'status': 400, 'n': None, 'body': '{"data":null,"error":"Unknown query parameter: \'search\'"}'}
  posts(全站 q=WWR): {'status': 400, 'body': '{"data":null,"error":"\'query\' query parameter requires one of: author, subreddit"}'}
  depth pennystocks 2015-03: {'status': 200, 'n': 5}
  depth pennystocks 2018-03: {'status': 200, 'n': 5}
  depth pennystocks 2021-03: {'status': 200, 'n': 5}
  depth pennystocks 2024-03: {'status': 200, 'n': 5}
  depth pennystocks 2026-03: {'status': 200, 'n': 5}
== 3. FINRA RegSHO 边界 + OTC ==
  CNMS 20180102: {'status': 403, 'rows': 1}
  CNMS 20190102: {'status': 200, 'rows': 7863}
  CNMS 20191001: {'status': 200, 'rows': 7907}
  CNMS 20200102: {'err': 'SSLError'}
  CNMS 20200601: {'status': 200, 'rows': 8228}
  FNSQshvol: {'status': 200, 'n_sym': 10767, 'otc_smallcap_hits': []}
  FNYXshvol: {'status': 200, 'n_sym': 7194, 'otc_smallcap_hits': []}
  FORFshvol: {'status': 200, 'n_sym': 3125, 'otc_smallcap_hits': ['COBA', 'LRDC', 'SPQS']}
  ORFshvol: {'status': 403, 'n_sym': 0, 'otc_smallcap_hits': []}
  FNRAshvol: {'status': 200, 'n_sym': 0, 'otc_smallcap_hits': []}
== 4. Wikipedia 严格匹配复核 ==
  Wikidata ticker 反查: {"status": 200, "matched": [{"ticker": "MTC", "label": "Mothercare"}, {"ticker": "CATO", "label": "Cato Corporation"}, {"ticker": "MTC", "label": "Muangthai Capital"}]}

-> /home/yu/PycharmProjects/Trade_Strategy-news/docs/research/2026-08-26_unpriced-catalyst-channels/repro/round2_20260826-054219.json
