== A. 幸存者偏差：退市/破产票 symbol 是否保留 ==
  [dead      ] BBBYQ  404 None                           exch=None newest=None
  [dead      ] SIVBQ  200 SVB Financial Group            exch=OTC newest=2026-08-11T21:32:26Z
  [dead      ] FRCB   200 First Republic Bank            exch=OTC newest=2026-08-11T14:04:16Z
  [dead      ] WEWKQ  200 WeWork Inc - Ordinary Shares - exch=OTC newest=2026-05-07T21:26:45Z
  [dead      ] SPRT   404 None                           exch=None newest=None
  [dead      ] HTZGQ  200 Hertz Global Holdings, Inc.    exch=OTC newest=2026-08-11T15:06:33Z
  [dead      ] ATERQ  404 None                           exch=None newest=None
  [dead      ] TUEM   404 None                           exch=None newest=None
  [dead      ] MULN   404 None                           exch=None newest=None
  [dead      ] AMTD   200 AMTD IDEA Group - ADR          exch=NYSE newest=2026-08-20T20:53:03Z
  [unknown404] FUST   404 None                           exch=None newest=None
  [unknown404] SRGZ   404 None                           exch=None newest=None

== B. 退市票的历史消息是否可回溯（取其停牌前一年的窗口）==
  BBBYQ: symbol 不存在，跳过
  SIVBQ ('2023-03-01', '2023-03-31'): 0 条 (翻 6 页)
  SPRT: symbol 不存在，跳过

== C. 「窗内 0 条」复核（标定跳转 + 放宽到 ±45 天）==
  FOCL: 7天窗 0 条 / ±45天窗 0 条 (landing top=None)
  BGDE: 7天窗 0 条 / ±45天窗 0 条 (landing top=None)
  COBA: 7天窗 0 条 / ±45天窗 1 条 (landing top=2026-01-08T21:20:09Z)

== D. 标定跳转的落点精度校验（对 3 只覆盖票复算 7 天窗，与二分法对照）==
  WWR: 标定法 88 条 vs 二分法 106 条 (翻 3 页)
  HOWL: 标定法 22 条 vs 二分法 24 条 (翻 1 页)
  CATO: 标定法 0 条 vs 二分法 1 条 (翻 1 页)

-> /home/yu/PycharmProjects/Trade_Strategy-news/docs/research/2026-08-26_unpriced-catalyst-channels/repro/round3_20260826-055053.json
