== A. 限流连打（无 sleep）==
  60 次 @0.2s 间隔：失败 0 次，首次失败在第 None 次
== B. 游标语义（全局 id 单调性 + 二分跳转）==
  当前最大 id ≈ 662862968
  frac=0.999 id=662200105 -> 2026-08-18T18:07:00Z
  frac=0.99 id=656234338 -> 2026-06-12T09:02:45Z
  frac=0.97 id=642977078 -> 2026-01-27T10:33:38Z
  frac=0.95 id=629719819 -> 2025-09-23T19:06:14Z
  frac=0.9 id=596576671 -> 2024-12-16T10:47:21Z
  frac=0.8 id=530290374 -> 2023-06-01T18:25:52Z
  跨 symbol：max=530290374 用于 CATO -> 2023-06-01T16:19:06Z
== C. 买点前 7 天窗口内消息条数 ==
  CATO  buy=2025-09-04 窗内    1 条 (二分 5 + 翻页 1 次, 19.3s) {'Bullish': 1}
  FOCL  buy=2025-09-05 窗内    0 条 (二分 16 + 翻页 4 次, 61.6s) {}
  HOWL  buy=2025-10-01 窗内   24 条 (二分 16 + 翻页 1 次, 68.7s) {'none': 9, 'Bullish': 14, 'Bearish': 1}
  BGDE  buy=2025-10-06 窗内    0 条 (二分 16 + 翻页 25 次, 201.5s) {}
  WWR   buy=2025-10-06 窗内  106 条 (二分 12 + 翻页 4 次, 89.0s) {'Bullish': 62, 'none': 37, 'Bearish': 7}
  MTC   buy=2025-11-10 窗内  742 条 (二分 8 + 翻页 25 次, 135.6s) {'none': 344, 'Bullish': 331, 'Bearish': 67}
  LRDC  buy=2025-11-12 窗内    3 条 (二分 16 + 翻页 1 次, 40.4s) {'Bullish': 3}
  COHN  buy=2025-11-14 窗内    3 条 (二分 16 + 翻页 1 次, 40.3s) {'none': 3}
  COBA  buy=2025-12-02 窗内    0 条 (二分 16 + 翻页 1 次, 29.7s) {}
  CALC  buy=2025-12-03 窗内   10 条 (二分 11 + 翻页 1 次, 31.4s) {'none': 5, 'Bullish': 5}
  SPQS  buy=2025-12-12 窗内    5 条 (二分 16 + 翻页 1 次, 39.9s) {'Bullish': 3, 'none': 2}

总调用 282 次 -> /home/yu/PycharmProjects/Trade_Strategy-news/docs/research/2026-08-26_unpriced-catalyst-channels/repro/stocktwits_window_20260826-054745.json
